[    0.000000] Initializing cgroup subsys cpuset
[    0.000000] Initializing cgroup subsys cpu
[    0.000000] Initializing cgroup subsys cpuacct
[    0.000000] Linux version 4.4.0-72-generic (buildd@lcy01-17) (gcc version 5.4.0 20160609 (Ubuntu 5.4.0-6ubuntu1~16.04.4) ) #93-Ubuntu SMP Fri Mar 31 14:07:41 UTC 2017 (Ubuntu 4.4.0-72.93-generic 4.4.49)
[    0.000000] Command line: BOOT_IMAGE=/boot/vmlinuz-4.4.0-72-generic root=UUID=24e14262-9c39-4d30-94c7-c070e235d148 ro console=tty1 console=ttyS0
[    0.000000] KERNEL supported cpus:
[    0.000000]   Intel GenuineIntel
[    0.000000]   AMD AuthenticAMD
[    0.000000]   Centaur CentaurHauls
[    0.000000] x86/fpu: xstate_offset[2]:  576, xstate_sizes[2]:  256
[    0.000000] x86/fpu: Supporting XSAVE feature 0x01: 'x87 floating point registers'
[    0.000000] x86/fpu: Supporting XSAVE feature 0x02: 'SSE registers'
[    0.000000] x86/fpu: Supporting XSAVE feature 0x04: 'AVX registers'
[    0.000000] x86/fpu: Enabled xstate features 0x7, context size is 832 bytes, using 'standard' format.
[    0.000000] x86/fpu: Using 'eager' FPU context switches.
[    0.000000] e820: BIOS-provided physical RAM map:
[    0.000000] BIOS-e820: [mem 0x0000000000000000-0x000000000009dfff] usable
[    0.000000] BIOS-e820: [mem 0x000000000009e000-0x000000000009ffff] reserved
[    0.000000] BIOS-e820: [mem 0x00000000000e0000-0x00000000000fffff] reserved
[    0.000000] BIOS-e820: [mem 0x0000000000100000-0x00000000efffffff] usable
[    0.000000] BIOS-e820: [mem 0x00000000fc000000-0x00000000ffffffff] reserved
[    0.000000] BIOS-e820: [mem 0x0000000100000000-0x000000010fffffff] usable
[    0.000000] NX (Execute Disable) protection: active
[    0.000000] SMBIOS 2.4 present.
[    0.000000] DMI: Xen HVM domU, BIOS 4.2.amazon 02/16/2017
[    0.000000] Hypervisor detected: Xen
[    0.000000] Xen version 4.2.
[    0.000000] Xen Platform PCI: I/O protocol version 1
[    0.000000] Netfront and the Xen platform PCI driver have been compiled for this kernel: unplug emulated NICs.
[    0.000000] Blkfront and the Xen platform PCI driver have been compiled for this kernel: unplug emulated disks.
               You might have to change the root device
               from /dev/hd[a-d] to /dev/xvd[a-d]
               in your root= kernel command line option
[    0.000000] HVMOP_pagetable_dying not supported
[    0.000000] e820: update [mem 0x00000000-0x00000fff] usable ==> reserved
[    0.000000] e820: remove [mem 0x000a0000-0x000fffff] usable
[    0.000000] e820: last_pfn = 0x110000 max_arch_pfn = 0x400000000
[    0.000000] MTRR default type: write-back
[    0.000000] MTRR fixed ranges enabled:
[    0.000000]   00000-9FFFF write-back
[    0.000000]   A0000-BFFFF write-combining
[    0.000000]   C0000-FFFFF write-back
[    0.000000] MTRR variable ranges enabled:
[    0.000000]   0 base 0000F0000000 mask 3FFFF8000000 uncachable
[    0.000000]   1 base 0000F8000000 mask 3FFFFC000000 uncachable
[    0.000000]   2 disabled
[    0.000000]   3 disabled
[    0.000000]   4 disabled
[    0.000000]   5 disabled
[    0.000000]   6 disabled
[    0.000000]   7 disabled
[    0.000000] x86/PAT: Configuration [0-7]: WB  WC  UC- UC  WB  WC  UC- WT
[    0.000000] e820: last_pfn = 0xf0000 max_arch_pfn = 0x400000000
[    0.000000] found SMP MP-table at [mem 0x000fbc20-0x000fbc2f] mapped at [ffff8800000fbc20]
[    0.000000] Scanning 1 areas for low memory corruption
[    0.000000] Base memory trampoline at [ffff880000098000] 98000 size 24576
[    0.000000] BRK [0x0220c000, 0x0220cfff] PGTABLE
[    0.000000] BRK [0x0220d000, 0x0220dfff] PGTABLE
[    0.000000] BRK [0x0220e000, 0x0220efff] PGTABLE
[    0.000000] BRK [0x0220f000, 0x0220ffff] PGTABLE
[    0.000000] BRK [0x02210000, 0x02210fff] PGTABLE
[    0.000000] RAMDISK: [mem 0x338ea000-0x35c6cfff]
[    0.000000] ACPI: Early table checksum verification disabled
[    0.000000] ACPI: RSDP 0x00000000000EA020 000024 (v02 Xen   )
[    0.000000] ACPI: XSDT 0x00000000FC00DDC0 000054 (v01 Xen    HVM      00000000 HVML 00000000)
[    0.000000] ACPI: FACP 0x00000000FC00DA80 0000F4 (v04 Xen    HVM      00000000 HVML 00000000)
[    0.000000] ACPI: DSDT 0x00000000FC001CE0 00BD19 (v02 Xen    HVM      00000000 INTL 20090123)
[    0.000000] ACPI: FACS 0x00000000FC001CA0 000040
[    0.000000] ACPI: FACS 0x00000000FC001CA0 000040
[    0.000000] ACPI: APIC 0x00000000FC00DB80 0000D8 (v02 Xen    HVM      00000000 HVML 00000000)
[    0.000000] ACPI: HPET 0x00000000FC00DCD0 000038 (v01 Xen    HVM      00000000 HVML 00000000)
[    0.000000] ACPI: WAET 0x00000000FC00DD10 000028 (v01 Xen    HVM      00000000 HVML 00000000)
[    0.000000] ACPI: SSDT 0x00000000FC00DD40 000031 (v02 Xen    HVM      00000000 INTL 20090123)
[    0.000000] ACPI: SSDT 0x00000000FC00DD80 000031 (v02 Xen    HVM      00000000 INTL 20090123)
[    0.000000] ACPI: Local APIC address 0xfee00000
[    0.000000] No NUMA configuration found
[    0.000000] Faking a node at [mem 0x0000000000000000-0x000000010fffffff]
[    0.000000] NODE_DATA(0) allocated [mem 0x10fff9000-0x10fffdfff]
[    0.000000] Zone ranges:
[    0.000000]   DMA      [mem 0x0000000000001000-0x0000000000ffffff]
[    0.000000]   DMA32    [mem 0x0000000001000000-0x00000000ffffffff]
[    0.000000]   Normal   [mem 0x0000000100000000-0x000000010fffffff]
[    0.000000]   Device   empty
[    0.000000] Movable zone start for each node
[    0.000000] Early memory node ranges
[    0.000000]   node   0: [mem 0x0000000000001000-0x000000000009dfff]
[    0.000000]   node   0: [mem 0x0000000000100000-0x00000000efffffff]
[    0.000000]   node   0: [mem 0x0000000100000000-0x000000010fffffff]
[    0.000000] Initmem setup node 0 [mem 0x0000000000001000-0x000000010fffffff]
[    0.000000] On node 0 totalpages: 1048477
[    0.000000]   DMA zone: 64 pages used for memmap
[    0.000000]   DMA zone: 21 pages reserved
[    0.000000]   DMA zone: 3997 pages, LIFO batch:0
[    0.000000]   DMA32 zone: 15296 pages used for memmap
[    0.000000]   DMA32 zone: 978944 pages, LIFO batch:31
[    0.000000]   Normal zone: 1024 pages used for memmap
[    0.000000]   Normal zone: 65536 pages, LIFO batch:15
[    0.000000] ACPI: PM-Timer IO Port: 0xb008
[    0.000000] ACPI: Local APIC address 0xfee00000
[    0.000000] IOAPIC[0]: apic_id 1, version 17, address 0xfec00000, GSI 0-47
[    0.000000] ACPI: INT_SRC_OVR (bus 0 bus_irq 0 global_irq 2 dfl dfl)
[    0.000000] ACPI: INT_SRC_OVR (bus 0 bus_irq 5 global_irq 5 low level)
[    0.000000] ACPI: INT_SRC_OVR (bus 0 bus_irq 10 global_irq 10 low level)
[    0.000000] ACPI: INT_SRC_OVR (bus 0 bus_irq 11 global_irq 11 low level)
[    0.000000] ACPI: IRQ0 used by override.
[    0.000000] ACPI: IRQ5 used by override.
[    0.000000] ACPI: IRQ9 used by override.
[    0.000000] ACPI: IRQ10 used by override.
[    0.000000] ACPI: IRQ11 used by override.
[    0.000000] Using ACPI (MADT) for SMP configuration information
[    0.000000] ACPI: HPET id: 0x8086a201 base: 0xfed00000
[    0.000000] smpboot: Allowing 15 CPUs, 13 hotplug CPUs
[    0.000000] PM: Registered nosave memory: [mem 0x00000000-0x00000fff]
[    0.000000] PM: Registered nosave memory: [mem 0x0009e000-0x0009ffff]
[    0.000000] PM: Registered nosave memory: [mem 0x000a0000-0x000dffff]
[    0.000000] PM: Registered nosave memory: [mem 0x000e0000-0x000fffff]
[    0.000000] PM: Registered nosave memory: [mem 0xf0000000-0xfbffffff]
[    0.000000] PM: Registered nosave memory: [mem 0xfc000000-0xffffffff]
[    0.000000] e820: [mem 0xf0000000-0xfbffffff] available for PCI devices
[    0.000000] Booting paravirtualized kernel on Xen HVM
[    0.000000] clocksource: refined-jiffies: mask: 0xffffffff max_cycles: 0xffffffff, max_idle_ns: 7645519600211568 ns
[    0.000000] setup_percpu: NR_CPUS:512 nr_cpumask_bits:512 nr_cpu_ids:15 nr_node_ids:1
[    0.000000] PERCPU: Embedded 33 pages/cpu @ffff88010b200000 s98264 r8192 d28712 u262144
[    0.000000] pcpu-alloc: s98264 r8192 d28712 u262144 alloc=1*2097152
[    0.000000] pcpu-alloc: [0] 00 01 02 03 04 05 06 07 [0] 08 09 10 11 12 13 14 --
[    0.000000] xen: PV spinlocks enabled
[    0.000000] PV qspinlock hash table entries: 256 (order: 0, 4096 bytes)
[    0.000000] Built 1 zonelists in Node order, mobility grouping on.  Total pages: 1032072
[    0.000000] Policy zone: Normal
[    0.000000] Kernel command line: BOOT_IMAGE=/boot/vmlinuz-4.4.0-72-generic root=UUID=24e14262-9c39-4d30-94c7-c070e235d148 ro console=tty1 console=ttyS0
[    0.000000] PID hash table entries: 4096 (order: 3, 32768 bytes)
[    0.000000] Calgary: detecting Calgary via BIOS EBDA area
[    0.000000] Calgary: Unable to locate Rio Grande table in EBDA - bailing!
[    0.000000] Memory: 4005108K/4193908K available (8452K kernel code, 1293K rwdata, 3976K rodata, 1484K init, 1316K bss, 188800K reserved, 0K cma-reserved)
[    0.000000] SLUB: HWalign=64, Order=0-3, MinObjects=0, CPUs=15, Nodes=1
[    0.000000] Hierarchical RCU implementation.
[    0.000000] 	Build-time adjustment of leaf fanout to 64.
[    0.000000] 	RCU restricting CPUs from NR_CPUS=512 to nr_cpu_ids=15.
[    0.000000] RCU: Adjusting geometry for rcu_fanout_leaf=64, nr_cpu_ids=15
[    0.000000] NR_IRQS:33024 nr_irqs:952 16
[    0.000000] xen:events: Using 2-level ABI
[    0.000000] xen:events: Xen HVM callback vector for event delivery is enabled
[    0.000000] Console: colour VGA+ 80x25
[    0.000000] console [tty1] enabled
[    0.000000] Cannot get hvm parameter CONSOLE_EVTCHN (18): -22!
[    0.000000] console [ttyS0] enabled
[    0.000000] clocksource: hpet: mask: 0xffffffff max_cycles: 0xffffffff, max_idle_ns: 30580167144 ns
[    0.000000] hpet clockevent registered
[    0.000000] tsc: Detected 2400.052 MHz processor
[    0.008000] Calibrating delay loop (skipped), value calculated using timer frequency.. 4800.10 BogoMIPS (lpj=9600208)
[    0.016005] pid_max: default: 32768 minimum: 301
[    0.020016] ACPI: Core revision 20150930
[    0.031052] ACPI: 3 ACPI AML tables successfully acquired and loaded
[    0.037012] Security Framework initialized
[    0.040004] Yama: becoming mindful.
[    0.044028] AppArmor: AppArmor initialized
[    0.048268] Dentry cache hash table entries: 524288 (order: 10, 4194304 bytes)
[    0.056206] Inode-cache hash table entries: 262144 (order: 9, 2097152 bytes)
[    0.060298] Mount-cache hash table entries: 8192 (order: 4, 65536 bytes)
[    0.076012] Mountpoint-cache hash table entries: 8192 (order: 4, 65536 bytes)
[    0.084197] Initializing cgroup subsys io
[    0.088007] Initializing cgroup subsys memory
[    0.092014] Initializing cgroup subsys devices
[    0.096007] Initializing cgroup subsys freezer
[    0.100007] Initializing cgroup subsys net_cls
[    0.104007] Initializing cgroup subsys perf_event
[    0.108010] Initializing cgroup subsys net_prio
[    0.112011] Initializing cgroup subsys hugetlb
[    0.116006] Initializing cgroup subsys pids
[    0.120064] CPU: Physical Processor ID: 0
[    0.124004] CPU: Processor Core ID: 0
[    0.128206] mce: CPU supports 2 MCE banks
[    0.131757] Last level iTLB entries: 4KB 1024, 2MB 1024, 4MB 1024
[    0.136003] Last level dTLB entries: 4KB 1024, 2MB 1024, 4MB 1024, 1GB 4
[    0.141105] Freeing SMP alternatives memory: 32K (ffffffff820b8000 - ffffffff820c0000)
[    0.154377] ftrace: allocating 32111 entries in 126 pages
[    0.200091] smpboot: APIC(0) Converting physical 0 to logical package 0
[    0.208006] smpboot: APIC(2) Converting physical 1 to logical package 1
[    0.212008] smpboot: Max logical packages: 8
[    0.220607] x2apic: IRQ remapping doesn't support X2APIC mode
[    0.224007] Switched APIC routing to physical flat.
[    0.230064] ..TIMER: vector=0x30 apic1=0 pin1=2 apic2=0 pin2=0
[    0.278345] clocksource: xen: mask: 0xffffffffffffffff max_cycles: 0x1cd42e4dffb, max_idle_ns: 881590591483 ns
[    0.284010] Xen: using vcpuop timer interface
[    0.284018] installing Xen timer for CPU 0
[    0.292057] smpboot: CPU0: Intel(R) Xeon(R) CPU E5-2676 v3 @ 2.40GHz (family: 0x6, model: 0x3f, stepping: 0x2)
[    0.300038] cpu 0 spinlock event irq 53
[    0.304016] Performance Events: unsupported p6 CPU model 63 no PMU driver, software events only.
[    0.312834] NMI watchdog: disabled (cpu0): hardware events not enabled
[    0.316006] NMI watchdog: Shutting down hard lockup detector on all cpus
[    0.320086] installing Xen timer for CPU 1
[    0.322820] x86: Booting SMP configuration:
[    0.324006] .... node  #0, CPUs:        #1cpu 1 spinlock event irq 59
[    0.332029] x86: Booted up 1 node, 2 CPUs
[    0.334637] smpboot: Total of 2 processors activated (9600.20 BogoMIPS)
[    0.336379] devtmpfs: initialized
[    0.341107] evm: security.selinux
[    0.343780] evm: security.SMACK64
[    0.344009] evm: security.SMACK64EXEC
[    0.346722] evm: security.SMACK64TRANSMUTE
[    0.348006] evm: security.SMACK64MMAP
[    0.350488] evm: security.ima
[    0.352006] evm: security.capability
[    0.355554] clocksource: jiffies: mask: 0xffffffff max_cycles: 0xffffffff, max_idle_ns: 7645041785100000 ns
[    0.356071] pinctrl core: initialized pinctrl subsystem
[    0.359644] RTC time: 16:04:05, date: 04/13/17
[    0.360165] NET: Registered protocol family 16
[    0.372009] cpuidle: using governor ladder
[    0.384008] cpuidle: using governor menu
[    0.388015] PCCT header not found.
[    0.390952] ACPI: bus type PCI registered
[    0.392007] acpiphp: ACPI Hot Plug PCI Controller Driver version: 0.5
[    0.396006] PCI: Using configuration type 1 for base access
[    0.412109] ACPI: Added _OSI(Module Device)
[    0.416013] ACPI: Added _OSI(Processor Device)
[    0.418901] ACPI: Added _OSI(3.0 _SCP Extensions)
[    0.420007] ACPI: Added _OSI(Processor Aggregator Device)
[    0.424707] xen: --> pirq=16 -> irq=9 (gsi=9)
[    0.427943] ACPI: Interpreter enabled
[    0.428021] ACPI: (supports S0 S3 S4 S5)
[    0.430994] ACPI: Using IOAPIC for interrupt routing
[    0.432037] PCI: Using host bridge windows from ACPI; if necessary, use "pci=nocrs" and report a bug
[    0.481959] ACPI: PCI Root Bridge [PCI0] (domain 0000 [bus 00-ff])
[    0.484015] acpi PNP0A03:00: _OSC: OS supports [ASPM ClockPM Segments MSI]
[    0.488015] acpi PNP0A03:00: _OSC failed (AE_NOT_FOUND); disabling ASPM
[    0.492018] acpi PNP0A03:00: fail to add MMCONFIG information, can't access extended PCI configuration space under this bridge.
[    0.496985] acpiphp: Slot [0] registered
[    0.500385] acpiphp: Slot [3] registered
[    0.503373] acpiphp: Slot [4] registered
[    0.504276] acpiphp: Slot [5] registered
[    0.507374] acpiphp: Slot [6] registered
[    0.508256] acpiphp: Slot [7] registered
[    0.512406] acpiphp: Slot [8] registered
[    0.516865] acpiphp: Slot [9] registered
[    0.520255] acpiphp: Slot [10] registered
[    0.523448] acpiphp: Slot [11] registered
[    0.524239] acpiphp: Slot [12] registered
[    0.527135] acpiphp: Slot [13] registered
[    0.528262] acpiphp: Slot [14] registered
[    0.531137] acpiphp: Slot [15] registered
[    0.532291] acpiphp: Slot [16] registered
[    0.535217] acpiphp: Slot [17] registered
[    0.536285] acpiphp: Slot [18] registered
[    0.539281] acpiphp: Slot [19] registered
[    0.540277] acpiphp: Slot [20] registered
[    0.543262] acpiphp: Slot [21] registered
[    0.544263] acpiphp: Slot [22] registered
[    0.546926] acpiphp: Slot [23] registered
[    0.548291] acpiphp: Slot [24] registered
[    0.550999] acpiphp: Slot [25] registered
[    0.552268] acpiphp: Slot [26] registered
[    0.555107] acpiphp: Slot [27] registered
[    0.556263] acpiphp: Slot [28] registered
[    0.559142] acpiphp: Slot [29] registered
[    0.560275] acpiphp: Slot [30] registered
[    0.563423] acpiphp: Slot [31] registered
[    0.564293] PCI host bridge to bus 0000:00
[    0.566889] pci_bus 0000:00: root bus resource [io  0x0000-0x0cf7 window]
[    0.568008] pci_bus 0000:00: root bus resource [io  0x0d00-0xffff window]
[    0.572008] pci_bus 0000:00: root bus resource [mem 0x000a0000-0x000bffff window]
[    0.576007] pci_bus 0000:00: root bus resource [mem 0xf0000000-0xfbffffff window]
[    0.580008] pci_bus 0000:00: root bus resource [bus 00-ff]
[    0.583190] pci 0000:00:00.0: [8086:1237] type 00 class 0x060000
[    0.584566] pci 0000:00:01.0: [8086:7000] type 00 class 0x060100
[    0.586592] pci 0000:00:01.1: [8086:7010] type 00 class 0x010180
[    0.588470] pci 0000:00:01.1: reg 0x20: [io  0xc100-0xc10f]
[    0.588884] pci 0000:00:01.1: legacy IDE quirk: reg 0x10: [io  0x01f0-0x01f7]
[    0.592008] pci 0000:00:01.1: legacy IDE quirk: reg 0x14: [io  0x03f6]
[    0.595774] pci 0000:00:01.1: legacy IDE quirk: reg 0x18: [io  0x0170-0x0177]
[    0.596009] pci 0000:00:01.1: legacy IDE quirk: reg 0x1c: [io  0x0376]
[    0.600781] pci 0000:00:01.3: [8086:7113] type 00 class 0x068000
[    0.600897] * Found PM-Timer Bug on the chipset. Due to workarounds for a bug,
               * this clock source is slow. Consider trying other clock sources
[    0.605297] pci 0000:00:01.3: quirk: [io  0xb000-0xb03f] claimed by PIIX4 ACPI
[    0.608844] pci 0000:00:02.0: [1013:00b8] type 00 class 0x030000
[    0.609149] pci 0000:00:02.0: reg 0x10: [mem 0xf0000000-0xf1ffffff pref]
[    0.609342] pci 0000:00:02.0: reg 0x14: [mem 0xf3000000-0xf3000fff]
[    0.610978] pci 0000:00:03.0: [5853:0001] type 00 class 0xff8000
[    0.611329] pci 0000:00:03.0: reg 0x10: [io  0xc000-0xc0ff]
[    0.611535] pci 0000:00:03.0: reg 0x14: [mem 0xf2000000-0xf2ffffff pref]
[    0.614822] ACPI: PCI Interrupt Link [LNKA] (IRQs *5 10 11)
[    0.619004] ACPI: PCI Interrupt Link [LNKB] (IRQs 5 *10 11)
[    0.622680] ACPI: PCI Interrupt Link [LNKC] (IRQs 5 10 *11)
[    0.626684] ACPI: PCI Interrupt Link [LNKD] (IRQs *5 10 11)
[    0.645144] ACPI: Enabled 2 GPEs in block 00 to 0F
[    0.648087] xen:balloon: Initialising balloon driver
[    0.652030] xen_balloon: Initialising balloon driver
[    0.652121] vgaarb: setting as boot device: PCI:0000:00:02.0
[    0.655434] vgaarb: device added: PCI:0000:00:02.0,decodes=io+mem,owns=io+mem,locks=none
[    0.660007] vgaarb: loaded
[    0.662380] vgaarb: bridge control possible 0000:00:02.0
[    0.668230] SCSI subsystem initialized
[    0.672024] libata version 3.00 loaded.
[    0.672046] ACPI: bus type USB registered
[    0.672046] usbcore: registered new interface driver usbfs
[    0.680023] usbcore: registered new interface driver hub
[    0.684039] usbcore: registered new device driver usb
[    0.688086] PCI: Using ACPI for IRQ routing
[    0.692007] PCI: pci_cache_line_size set to 64 bytes
[    0.692503] e820: reserve RAM buffer [mem 0x0009e000-0x0009ffff]
[    0.692637] NetLabel: Initializing
[    0.695111] NetLabel:  domain hash size = 128
[    0.696005] NetLabel:  protocols = UNLABELED CIPSOv4
[    0.699978] NetLabel:  unlabeled traffic allowed by default
[    0.700054] HPET: 3 timers in total, 0 timers will be used for per-cpu timer
[    0.704017] hpet0: at MMIO 0xfed00000, IRQs 2, 8, 0
[    0.710326] hpet0: 3 comparators, 64-bit 62.500000 MHz counter
[    0.715069] amd_nb: Cannot enumerate AMD northbridges
[    0.716032] clocksource: Switched to clocksource xen
[    0.724611] AppArmor: AppArmor Filesystem Enabled
[    0.727914] pnp: PnP ACPI init
[    0.730569] system 00:00: [mem 0x00000000-0x0009ffff] could not be reserved
[    0.734161] system 00:00: Plug and Play ACPI device, IDs PNP0c02 (active)
[    0.734255] system 00:01: [io  0x08a0-0x08a3] has been reserved
[    0.737263] system 00:01: [io  0x0cc0-0x0ccf] has been reserved
[    0.740328] system 00:01: [io  0x04d0-0x04d1] has been reserved
[    0.743331] system 00:01: Plug and Play ACPI device, IDs PNP0c02 (active)
[    0.743360] xen: --> pirq=17 -> irq=8 (gsi=8)
[    0.743382] pnp 00:02: Plug and Play ACPI device, IDs PNP0b00 (active)
[    0.743407] xen: --> pirq=18 -> irq=12 (gsi=12)
[    0.743423] pnp 00:03: Plug and Play ACPI device, IDs PNP0f13 (active)
[    0.743443] xen: --> pirq=19 -> irq=1 (gsi=1)
[    0.743457] pnp 00:04: Plug and Play ACPI device, IDs PNP0303 PNP030b (active)
[    0.743473] xen: --> pirq=20 -> irq=6 (gsi=6)
[    0.743475] pnp 00:05: [dma 2]
[    0.743489] pnp 00:05: Plug and Play ACPI device, IDs PNP0700 (active)
[    0.743514] xen: --> pirq=21 -> irq=4 (gsi=4)
[    0.743528] pnp 00:06: Plug and Play ACPI device, IDs PNP0501 (active)
[    0.743569] system 00:07: [io  0x10c0-0x1141] has been reserved
[    0.746749] system 00:07: [io  0xb044-0xb047] has been reserved
[    0.750101] system 00:07: Plug and Play ACPI device, IDs PNP0c02 (active)
[    0.764970] pnp: PnP ACPI: found 8 devices
[    0.774587] clocksource: acpi_pm: mask: 0xffffff max_cycles: 0xffffff, max_idle_ns: 2085701024 ns
[    0.780074] pci_bus 0000:00: resource 4 [io  0x0000-0x0cf7 window]
[    0.780077] pci_bus 0000:00: resource 5 [io  0x0d00-0xffff window]
[    0.780079] pci_bus 0000:00: resource 6 [mem 0x000a0000-0x000bffff window]
[    0.780080] pci_bus 0000:00: resource 7 [mem 0xf0000000-0xfbffffff window]
[    0.780123] NET: Registered protocol family 2
[    0.782900] TCP established hash table entries: 32768 (order: 6, 262144 bytes)
[    0.786842] TCP bind hash table entries: 32768 (order: 7, 524288 bytes)
[    0.790137] TCP: Hash tables configured (established 32768 bind 32768)
[    0.793688] UDP hash table entries: 2048 (order: 4, 65536 bytes)
[    0.797111] UDP-Lite hash table entries: 2048 (order: 4, 65536 bytes)
[    0.801049] NET: Registered protocol family 1
[    0.804186] pci 0000:00:00.0: Limiting direct PCI/PCI transfers
[    0.807682] pci 0000:00:01.0: PIIX3: Enabling Passive Release
[    0.811131] pci 0000:00:01.0: Activating ISA DMA hang workarounds
[    0.814740] pci 0000:00:02.0: Video device with shadowed ROM
[    0.814799] PCI: CLS 0 bytes, default 64
[    0.814861] Unpacking initramfs...
[    1.307029] Freeing initrd memory: 36364K (ffff8800338ea000 - ffff880035c6d000)
[    1.311362] PCI-DMA: Using software bounce buffering for IO (SWIOTLB)
[    1.314925] software IO TLB [mem 0xec000000-0xf0000000] (64MB) mapped at [ffff8800ec000000-ffff8800efffffff]
[    1.319935] RAPL PMU detected, API unit is 2^-32 Joules, 3 fixed counters 655360 ms ovfl timer
[    1.324756] hw unit of domain pp0-core 2^-14 Joules
[    1.327507] hw unit of domain package 2^-14 Joules
[    1.330247] hw unit of domain dram 2^-16 Joules
[    1.332928] Scanning for low memory corruption every 60 seconds
[    1.336656] futex hash table entries: 4096 (order: 6, 262144 bytes)
[    1.340219] audit: initializing netlink subsys (disabled)
[    1.343250] audit: type=2000 audit(1492099446.080:1): initialized
[    1.347059] Initialise system trusted keyring
[    1.349752] HugeTLB registered 2 MB page size, pre-allocated 0 pages
[    1.354567] zbud: loaded
[    1.356492] VFS: Disk quotas dquot_6.6.0
[    1.358869] VFS: Dquot-cache hash table entries: 512 (order 0, 4096 bytes)
[    1.362673] squashfs: version 4.0 (2009/01/31) Phillip Lougher
[    1.366117] fuse init (API version 7.23)
[    1.368583] Key type big_key registered
[    1.370909] Allocating IMA MOK and blacklist keyrings.
[    1.374478] Key type asymmetric registered
[    1.376910] Asymmetric key parser 'x509' registered
[    1.379674] Block layer SCSI generic (bsg) driver version 0.4 loaded (major 249)
[    1.383845] io scheduler noop registered
[    1.386379] io scheduler deadline registered (default)
[    1.389313] io scheduler cfq registered
[    1.391683] pci_hotplug: PCI Hot Plug PCI Core version: 0.5
[    1.395057] pciehp: PCI Express Hot Plug Controller Driver version: 0.4
[    1.398549] intel_idle: does not run on family 6 model 63
[    1.398642] input: Power Button as /devices/LNXSYSTM:00/LNXPWRBN:00/input/input0
[    1.402819] ACPI: Power Button [PWRF]
[    1.405056] input: Sleep Button as /devices/LNXSYSTM:00/LNXSLPBN:00/input/input1
[    1.409127] ACPI: Sleep Button [SLPF]
[    1.411643] GHES: HEST is not enabled!
[    1.414326] xen: --> pirq=22 -> irq=28 (gsi=28)
[    1.414401] xen:grant_table: Grant tables using version 1 layout
[    1.417832] Grant table initialized
[    1.420109] Cannot get hvm parameter CONSOLE_EVTCHN (18): -22!
[    1.423379] Serial: 8250/16550 driver, 32 ports, IRQ sharing enabled
[    1.452738] 00:06: ttyS0 at I/O 0x3f8 (irq = 4, base_baud = 115200) is a 16550A
[    1.459090] Linux agpgart interface v0.103
[    1.463273] loop: module loaded
[    1.466059] ata_piix 0000:00:01.1: version 2.13
[    1.467052] scsi host0: ata_piix
[    1.470186] scsi host1: ata_piix
[    1.473566] ata1: PATA max MWDMA2 cmd 0x1f0 ctl 0x3f6 bmdma 0xc100 irq 14
[    1.477787] ata2: PATA max MWDMA2 cmd 0x170 ctl 0x376 bmdma 0xc108 irq 15
[    1.481682] blkfront: xvda: barrier or flush: disabled; persistent grants: disabled; indirect descriptors: enabled;
[    1.483358]  xvda: xvda1
[    1.489589] libphy: Fixed MDIO Bus: probed
[    1.492694] tun: Universal TUN/TAP device driver, 1.6
[    1.495562] tun: (C) 1999-2004 Max Krasnyansky <maxk@qualcomm.com>
[    1.512149] PPP generic driver version 2.4.2
[    1.514602] xen_netfront: Initialising Xen virtual ethernet driver
[    1.518487] ehci_hcd: USB 2.0 'Enhanced' Host Controller (EHCI) Driver
[    1.524119] ehci-pci: EHCI PCI platform driver
[    1.528527] ehci-platform: EHCI generic platform driver
[    1.533010] ohci_hcd: USB 1.1 'Open' Host Controller (OHCI) Driver
[    1.536699] ohci-pci: OHCI PCI platform driver
[    1.539128] ohci-platform: OHCI generic platform driver
[    1.542150] uhci_hcd: USB Universal Host Controller Interface driver
[    1.545461] i8042: PNP: PS/2 Controller [PNP0303:PS2K,PNP0f13:PS2M] at 0x60,0x64 irq 1,12
[    1.551413] serio: i8042 KBD port at 0x60,0x64 irq 1
[    1.554072] serio: i8042 AUX port at 0x60,0x64 irq 12
[    1.556949] mousedev: PS/2 mouse device common for all mice
[    1.560400] rtc_cmos 00:02: rtc core: registered rtc_cmos as rtc0
[    1.563674] rtc_cmos 00:02: alarms up to one day, 114 bytes nvram, hpet irqs
[    1.567596] input: AT Translated Set 2 keyboard as /devices/platform/i8042/serio0/input/input2
[    1.568084] i2c /dev entries driver
[    1.568145] device-mapper: uevent: version 1.0.3
[    1.568203] device-mapper: ioctl: 4.34.0-ioctl (2015-10-28) initialised: dm-devel@redhat.com
[    1.568229] ledtrig-cpu: registered to indicate activity on CPUs
[    1.568492] NET: Registered protocol family 10
[    1.568682] NET: Registered protocol family 17
[    1.568692] Key type dns_resolver registered
[    1.568827] microcode: CPU0 sig=0x306f2, pf=0x1, revision=0x25
[    1.571984] microcode: CPU1 sig=0x306f2, pf=0x1, revision=0x25
[    1.572011] microcode: Microcode Update Driver: v2.01 <tigran@aivazian.fsnet.co.uk>, Peter Oruba
[    1.572142] registered taskstats version 1
[    1.572156] Loading compiled-in X.509 certificates
[    1.572837] Loaded X.509 cert 'Build time autogenerated kernel key: 04ae903e4643330d1fe41947e79c28b436494994'
[    1.572854] zswap: loaded using pool lzo/zbud
[    1.574467] Key type trusted registered
[    1.577157] Key type encrypted registered
[    1.577161] AppArmor: AppArmor sha1 policy hashing enabled
[    1.577163] ima: No TPM chip found, activating TPM-bypass!
[    1.577178] evm: HMAC attrs: 0x1
[    1.577550]   Magic number: 13:174:85
[    1.580991] rtc_cmos 00:02: setting system clock to 2017-04-13 16:04:06 UTC (1492099446)
[    1.581068] BIOS EDD facility v0.16 2004-Jun-25, 0 devices found
[    1.581068] EDD information not available.
[    1.581103] PM: Hibernation image not present or could not be loaded.
[    1.646012] Freeing unused kernel memory: 1484K (ffffffff81f45000 - ffffffff820b8000)
[    1.650560] Write protecting the kernel read-only data: 14336k
[    1.654487] Freeing unused kernel memory: 1776K (ffff880001844000 - ffff880001a00000)
[    1.659200] Freeing unused kernel memory: 120K (ffff880001de2000 - ffff880001e00000)
[    1.674920] random: systemd-udevd: uninitialized urandom read (16 bytes read, 28 bits of entropy available)
[    1.675321] random: udevadm: uninitialized urandom read (16 bytes read, 28 bits of entropy available)
[    1.675357] random: udevadm: uninitialized urandom read (16 bytes read, 28 bits of entropy available)
[    1.675476] random: udevadm: uninitialized urandom read (16 bytes read, 28 bits of entropy available)
[    1.675515] random: udevadm: uninitialized urandom read (16 bytes read, 28 bits of entropy available)
[    1.675554] random: udevadm: uninitialized urandom read (16 bytes read, 28 bits of entropy available)
[    1.675593] random: udevadm: uninitialized urandom read (16 bytes read, 28 bits of entropy available)
[    1.675635] random: udevadm: uninitialized urandom read (16 bytes read, 28 bits of entropy available)
[    1.675670] random: udevadm: uninitialized urandom read (16 bytes read, 28 bits of entropy available)
[    1.684368] random: udevadm: uninitialized urandom read (16 bytes read, 28 bits of entropy available)
[    1.727631] FUJITSU Extended Socket Network Device Driver - version 1.0 - Copyright (c) 2015 FUJITSU LIMITED
[    1.749497] FDC 0 is a S82078B
[    1.758302] [drm] Initialized drm 1.1.0 20060810
[    1.777762] AVX2 version of gcm_enc/dec engaged.
[    1.780366] AES CTR mode by8 optimization enabled
[    1.787759] [TTM] Zone  kernel: Available graphics memory: 2022442 kiB
[    1.791048] [TTM] Initializing pool allocator
[    1.794161] [TTM] Initializing DMA pool allocator
[    1.797360] [drm] fb mappable at 0xF0000000
[    1.799769] [drm] vram aper at 0xF0000000
[    1.802083] [drm] size 33554432
[    1.804020] [drm] fb depth is 24
[    1.806039] [drm]    pitch is 3072
[    1.808267] fbcon: cirrusdrmfb (fb0) is primary device
[    1.857693] Console: switching to colour frame buffer device 128x48
[    1.899750] cirrus 0000:00:02.0: fb0: cirrusdrmfb frame buffer device
[    1.912075] [drm] Initialized cirrus 1.0.0 20110418 for 0000:00:02.0 on minor 0
[    2.000155] md: linear personality registered for level -1
[    2.004362] md: multipath personality registered for level -4
[    2.008661] md: raid0 personality registered for level 0
[    2.013434] md: raid1 personality registered for level 1
[    2.084067] raid6: sse2x1   gen()  8635 MB/s
[    2.152176] raid6: sse2x1   xor()  6687 MB/s
[    2.220066] raid6: sse2x2   gen() 10975 MB/s
[    2.288034] raid6: sse2x2   xor()  7359 MB/s
[    2.332091] tsc: Refined TSC clocksource calibration: 2400.000 MHz
[    2.335388] clocksource: tsc: mask: 0xffffffffffffffff max_cycles: 0x22983777dd9, max_idle_ns: 440795300422 ns
[    2.356068] raid6: sse2x4   gen() 12491 MB/s
[    2.424078] raid6: sse2x4   xor()  8855 MB/s
[    2.492066] raid6: avx2x1   gen() 16785 MB/s
[    2.560063] raid6: avx2x2   gen() 19247 MB/s
[    2.628064] raid6: avx2x4   gen() 22677 MB/s
[    2.630411] raid6: using algorithm avx2x4 gen() 22677 MB/s
[    2.633509] raid6: using avx2x2 recovery algorithm
[    2.646954] xor: automatically using best checksumming function:
[    2.688062]    avx       : 26536.000 MB/sec
[    2.692109] async_tx: api initialized (async)
[    2.702216] md: raid6 personality registered for level 6
[    2.707063] md: raid5 personality registered for level 5
[    2.712319] md: raid4 personality registered for level 4
[    2.722160] md: raid10 personality registered for level 10
[    2.763162] Btrfs loaded
[    2.794995] EXT4-fs (xvda1): mounted filesystem with ordered data mode. Opts: (null)
[    3.009647] systemd[1]: systemd 229 running in system mode. (+PAM +AUDIT +SELINUX +IMA +APPARMOR +SMACK +SYSVINIT +UTMP +LIBCRYPTSETUP +GCRYPT +GNUTLS +ACL +XZ -LZ4 +SECCOMP +BLKID +ELFUTILS +KMOD -IDN)
[    3.020925] systemd[1]: Detected virtualization xen.
[    3.024507] systemd[1]: Detected architecture x86-64.
[    3.038498] systemd[1]: Set hostname to <docker-sa.avenuecode.com>.
[    3.220237] systemd[1]: Listening on udev Kernel Socket.
[    3.226549] systemd[1]: Listening on Syslog Socket.
[    3.232401] systemd[1]: Reached target Swap.
[    3.238540] systemd[1]: Listening on LVM2 poll daemon socket.
[    3.247564] systemd[1]: Set up automount Arbitrary Executable File Formats File System Automount Point.
[    3.260457] systemd[1]: Listening on udev Control Socket.
[    3.270267] systemd[1]: Created slice System Slice.
[    3.290678] systemd[1]: Created slice User and Session Slice.
[    3.298801] input: ImExPS/2 Generic Explorer Mouse as /devices/platform/i8042/serio1/input/input4
[    3.307661] systemd[1]: Started Forward Password Requests to Wall Directory Watch.
[    3.319632] systemd[1]: Reached target User and Group Name Lookups.
[    3.331216] systemd[1]: Reached target Slices.
[    3.340745] systemd[1]: Listening on Journal Audit Socket.
[    3.351862] systemd[1]: Reached target Encrypted Volumes.
[    3.362640] systemd[1]: Created slice system-serial\x2dgetty.slice.
[    3.373788] systemd[1]: Listening on /dev/initctl Compatibility Named Pipe.
[    3.385172] systemd[1]: Listening on Journal Socket (/dev/log).
[    3.395610] systemd[1]: Listening on Journal Socket.
[    3.416227] systemd[1]: Starting Journal Service...
[    3.428276] systemd[1]: Starting Load Kernel Modules...
[    3.438256] systemd[1]: Mounting POSIX Message Queue File System...
[    3.448581] Loading iSCSI transport class v2.0-870.
[    3.454145] systemd[1]: Mounting Debug File System...
[    3.464170] systemd[1]: Mounting Huge Pages File System...
[    3.474707] systemd[1]: Starting Create list of required static device nodes for the current kernel...
[    3.490674] iscsi: registered transport (tcp)
[    3.491193] systemd[1]: Starting Remount Root and Kernel File Systems...
[    3.495044] EXT4-fs (xvda1): re-mounted. Opts: discard
[    3.528157] systemd[1]: Starting Nameserver information manager...
[    3.536932] systemd[1]: Listening on LVM2 metadata daemon socket.
[    3.547531] iscsi: registered transport (iser)
[    3.548257] systemd[1]: Starting Uncomplicated firewall...
[    3.558138] systemd[1]: Starting Set console keymap...
[    3.564763] systemd[1]: Listening on Device-mapper event daemon FIFOs.
[    3.573320] systemd[1]: Starting Monitoring of LVM2 mirrors, snapshots etc. using dmeventd or progress polling...
[    3.583278] systemd[1]: Mounted POSIX Message Queue File System.
[    3.589910] systemd[1]: Mounted Debug File System.
[    3.595955] systemd[1]: Mounted Huge Pages File System.
[    3.603882] systemd[1]: Started Journal Service.
[    3.764999] systemd-journald[337]: Received request to flush runtime journal from PID 1
[    3.872212] random: nonblocking pool is initialized
[    3.973034] intel_rapl: Found RAPL domain package
[    3.973055] intel_rapl: Found RAPL domain dram
[    3.973056] intel_rapl: DRAM domain energy unit 15300pj
[    4.019905] piix4_smbus 0000:00:01.3: SMBus base address uninitialized - upgrade BIOS or use force_addr=0xaddr
[    4.180911] audit: type=1400 audit(1492099449.100:2): apparmor="STATUS" operation="profile_load" profile="unconfined" name="lxc-container-default" pid=623 comm="apparmor_parser"
[    4.180916] audit: type=1400 audit(1492099449.100:3): apparmor="STATUS" operation="profile_load" profile="unconfined" name="lxc-container-default-cgns" pid=623 comm="apparmor_parser"
[    4.180920] audit: type=1400 audit(1492099449.100:4): apparmor="STATUS" operation="profile_load" profile="unconfined" name="lxc-container-default-with-mounting" pid=623 comm="apparmor_parser"
[    4.180923] audit: type=1400 audit(1492099449.100:5): apparmor="STATUS" operation="profile_load" profile="unconfined" name="lxc-container-default-with-nesting" pid=623 comm="apparmor_parser"
[    4.183283] audit: type=1400 audit(1492099449.100:6): apparmor="STATUS" operation="profile_load" profile="unconfined" name="/usr/bin/lxc-start" pid=632 comm="apparmor_parser"
[    4.184461] audit: type=1400 audit(1492099449.104:7): apparmor="STATUS" operation="profile_load" profile="unconfined" name="/sbin/dhclient" pid=624 comm="apparmor_parser"
[    4.184466] audit: type=1400 audit(1492099449.104:8): apparmor="STATUS" operation="profile_load" profile="unconfined" name="/usr/lib/NetworkManager/nm-dhcp-client.action" pid=624 comm="apparmor_parser"
[    4.184469] audit: type=1400 audit(1492099449.104:9): apparmor="STATUS" operation="profile_load" profile="unconfined" name="/usr/lib/NetworkManager/nm-dhcp-helper" pid=624 comm="apparmor_parser"
[    4.184473] audit: type=1400 audit(1492099449.104:10): apparmor="STATUS" operation="profile_load" profile="unconfined" name="/usr/lib/connman/scripts/dhclient-script" pid=624 comm="apparmor_parser"
[    4.296803] ppdev: user-space parallel port driver
[    5.920460] cgroup: new mount options do not match the existing superblock, will be ignored
[    7.589884] audit_printk_skb: 12 callbacks suppressed
[    7.589886] audit: type=1400 audit(1492099452.508:15): apparmor="STATUS" operation="profile_load" profile="unconfined" name="docker-default" pid=1153 comm="apparmor_parser"
[    7.602910] aufs 4.x-rcN-20160111
[    8.018128] aufs au_opts_verify:1597:dockerd[1147]: dirperm1 breaks the protection by the permission bits on the lower branch
[    8.036853] aufs au_opts_verify:1597:dockerd[1147]: dirperm1 breaks the protection by the permission bits on the lower branch
[    8.060172] aufs au_opts_verify:1597:dockerd[1147]: dirperm1 breaks the protection by the permission bits on the lower branch
[    8.102388] aufs au_opts_verify:1597:dockerd[1147]: dirperm1 breaks the protection by the permission bits on the lower branch
[    8.132033] aufs au_opts_verify:1597:dockerd[1147]: dirperm1 breaks the protection by the permission bits on the lower branch
[    8.151469] aufs au_opts_verify:1597:dockerd[1147]: dirperm1 breaks the protection by the permission bits on the lower branch
[    8.178448] aufs au_opts_verify:1597:dockerd[1147]: dirperm1 breaks the protection by the permission bits on the lower branch
[    8.224194] bridge: automatic filtering via arp/ip/ip6tables has been deprecated. Update your scripts to load br_netfilter if you need this.
[    8.230772] Bridge firewalling registered
[    8.237176] nf_conntrack version 0.5.0 (16384 buckets, 65536 max)
[    8.260047] ip_tables: (C) 2000-2006 Netfilter Core Team
[    8.309570] Initializing XFRM netlink socket
[    8.356132] IPv6: ADDRCONF(NETDEV_UP): br-d1f3b0928ba8: link is not ready
[    8.383961] IPv6: ADDRCONF(NETDEV_UP): docker0: link is not ready
[    9.849229] aufs au_opts_verify:1597:dockerd[1138]: dirperm1 breaks the protection by the permission bits on the lower branch
[    9.850808] aufs au_opts_verify:1597:dockerd[1271]: dirperm1 breaks the protection by the permission bits on the lower branch
[    9.851113] aufs au_opts_verify:1597:dockerd[1137]: dirperm1 breaks the protection by the permission bits on the lower branch
[    9.854050] device veth4d8524d entered promiscuous mode
[    9.854112] IPv6: ADDRCONF(NETDEV_UP): veth4d8524d: link is not ready
[    9.854116] br-d1f3b0928ba8: port 1(veth4d8524d) entered forwarding state
[    9.854121] br-d1f3b0928ba8: port 1(veth4d8524d) entered forwarding state
[    9.855133] device veth0d98b5a entered promiscuous mode
[    9.855187] IPv6: ADDRCONF(NETDEV_UP): veth0d98b5a: link is not ready
[    9.855190] br-d1f3b0928ba8: port 2(veth0d98b5a) entered forwarding state
[    9.855194] br-d1f3b0928ba8: port 2(veth0d98b5a) entered forwarding state
[    9.856195] device veth00edd76 entered promiscuous mode
[    9.856249] IPv6: ADDRCONF(NETDEV_UP): veth00edd76: link is not ready
[    9.856253] br-d1f3b0928ba8: port 3(veth00edd76) entered forwarding state
[    9.856257] br-d1f3b0928ba8: port 3(veth00edd76) entered forwarding state
[    9.856422] br-d1f3b0928ba8: port 1(veth4d8524d) entered disabled state
[    9.856440] IPv6: ADDRCONF(NETDEV_CHANGE): br-d1f3b0928ba8: link becomes ready
[    9.856485] br-d1f3b0928ba8: port 2(veth0d98b5a) entered disabled state
[    9.856512] br-d1f3b0928ba8: port 3(veth00edd76) entered disabled state
[   10.340698] eth0: renamed from veth21b851d
[   10.352328] IPv6: ADDRCONF(NETDEV_CHANGE): veth0d98b5a: link becomes ready
[   10.352347] br-d1f3b0928ba8: port 2(veth0d98b5a) entered forwarding state
[   10.352353] br-d1f3b0928ba8: port 2(veth0d98b5a) entered forwarding state
[   11.340901] eth0: renamed from veth7483226
[   11.360611] IPv6: ADDRCONF(NETDEV_CHANGE): veth4d8524d: link becomes ready
[   11.360633] br-d1f3b0928ba8: port 1(veth4d8524d) entered forwarding state
[   11.360637] br-d1f3b0928ba8: port 1(veth4d8524d) entered forwarding state
[   11.412363] eth0: renamed from veth4a6c0df
[   11.424340] IPv6: ADDRCONF(NETDEV_CHANGE): veth00edd76: link becomes ready
[   11.424360] br-d1f3b0928ba8: port 3(veth00edd76) entered forwarding state
[   11.424367] br-d1f3b0928ba8: port 3(veth00edd76) entered forwarding state
[   11.934502] aufs au_opts_verify:1597:dockerd[1137]: dirperm1 breaks the protection by the permission bits on the lower branch
[   11.937885] device veth5c13e83 entered promiscuous mode
[   11.937943] IPv6: ADDRCONF(NETDEV_UP): veth5c13e83: link is not ready
[   11.937947] br-d1f3b0928ba8: port 4(veth5c13e83) entered forwarding state
[   11.937959] br-d1f3b0928ba8: port 4(veth5c13e83) entered forwarding state
[   12.324957] eth0: renamed from vethf6e4ff5
[   12.346002] IPv6: ADDRCONF(NETDEV_CHANGE): veth5c13e83: link becomes ready
[   25.376068] br-d1f3b0928ba8: port 2(veth0d98b5a) entered forwarding state
[   26.400075] br-d1f3b0928ba8: port 1(veth4d8524d) entered forwarding state
[   26.464082] br-d1f3b0928ba8: port 3(veth00edd76) entered forwarding state
[   26.976067] br-d1f3b0928ba8: port 4(veth5c13e83) entered forwarding state
[  435.609909] aufs au_opts_verify:1597:dockerd[1601]: dirperm1 breaks the protection by the permission bits on the lower branch
[  435.610673] device vethf033055 entered promiscuous mode
[  435.610718] IPv6: ADDRCONF(NETDEV_UP): vethf033055: link is not ready
[  435.748464] eth0: renamed from vethf1734b3
[  435.768388] IPv6: ADDRCONF(NETDEV_CHANGE): vethf033055: link becomes ready
[  435.768409] br-d1f3b0928ba8: port 5(vethf033055) entered forwarding state
[  435.768417] br-d1f3b0928ba8: port 5(vethf033055) entered forwarding state
[  435.979886] aufs au_opts_verify:1597:dockerd[1755]: dirperm1 breaks the protection by the permission bits on the lower branch
[  436.024079] aufs au_opts_verify:1597:dockerd[1755]: dirperm1 breaks the protection by the permission bits on the lower branch
[  436.214988] aufs au_opts_verify:1597:dockerd[1147]: dirperm1 breaks the protection by the permission bits on the lower branch
[  436.215695] device veth235f5b9 entered promiscuous mode
[  436.215742] IPv6: ADDRCONF(NETDEV_UP): veth235f5b9: link is not ready
[  436.215745] br-d1f3b0928ba8: port 6(veth235f5b9) entered forwarding state
[  436.215751] br-d1f3b0928ba8: port 6(veth235f5b9) entered forwarding state
[  436.352533] eth0: renamed from veth1291f14
[  436.380445] IPv6: ADDRCONF(NETDEV_CHANGE): veth235f5b9: link becomes ready
[  436.690769] aufs au_opts_verify:1597:dockerd[2346]: dirperm1 breaks the protection by the permission bits on the lower branch
[  436.718984] aufs au_opts_verify:1597:dockerd[2346]: dirperm1 breaks the protection by the permission bits on the lower branch
[  436.874689] aufs au_opts_verify:1597:dockerd[1755]: dirperm1 breaks the protection by the permission bits on the lower branch
[  436.875342] device veth6fe08ac entered promiscuous mode
[  436.875388] IPv6: ADDRCONF(NETDEV_UP): veth6fe08ac: link is not ready
[  436.875391] br-d1f3b0928ba8: port 7(veth6fe08ac) entered forwarding state
[  436.875397] br-d1f3b0928ba8: port 7(veth6fe08ac) entered forwarding state
[  436.875616] br-d1f3b0928ba8: port 7(veth6fe08ac) entered disabled state
[  437.013161] eth0: renamed from veth9c213e2
[  437.032521] IPv6: ADDRCONF(NETDEV_CHANGE): veth6fe08ac: link becomes ready
[  437.032561] br-d1f3b0928ba8: port 7(veth6fe08ac) entered forwarding state
[  437.032570] br-d1f3b0928ba8: port 7(veth6fe08ac) entered forwarding state
[  450.784077] br-d1f3b0928ba8: port 5(vethf033055) entered forwarding state
[  451.232092] br-d1f3b0928ba8: port 6(veth235f5b9) entered forwarding state
[  452.064086] br-d1f3b0928ba8: port 7(veth6fe08ac) entered forwarding state
[  453.201365] br-d1f3b0928ba8: port 4(veth5c13e83) entered disabled state
[  453.201408] vethf6e4ff5: renamed from eth0
[  453.236314] br-d1f3b0928ba8: port 4(veth5c13e83) entered disabled state
[  453.237082] device veth5c13e83 left promiscuous mode
[  453.237084] br-d1f3b0928ba8: port 4(veth5c13e83) entered disabled state
[  453.613418] aufs au_opts_verify:1597:dockerd[1148]: dirperm1 breaks the protection by the permission bits on the lower branch
[  453.614120] device veth03bb58a entered promiscuous mode
[  453.614168] IPv6: ADDRCONF(NETDEV_UP): veth03bb58a: link is not ready
[  453.614171] br-d1f3b0928ba8: port 4(veth03bb58a) entered forwarding state
[  453.614178] br-d1f3b0928ba8: port 4(veth03bb58a) entered forwarding state
[  453.756351] eth0: renamed from vethfe19599
[  453.776353] IPv6: ADDRCONF(NETDEV_CHANGE): veth03bb58a: link becomes ready
[  456.735683] br-d1f3b0928ba8: port 4(veth03bb58a) entered disabled state
[  456.735742] vethfe19599: renamed from eth0
[  456.774583] br-d1f3b0928ba8: port 4(veth03bb58a) entered disabled state
[  456.775343] device veth03bb58a left promiscuous mode
[  456.775346] br-d1f3b0928ba8: port 4(veth03bb58a) entered disabled state
[  457.116988] aufs au_opts_verify:1597:dockerd[2346]: dirperm1 breaks the protection by the permission bits on the lower branch
[  457.117651] device vethaa5b177 entered promiscuous mode
[  457.117695] IPv6: ADDRCONF(NETDEV_UP): vethaa5b177: link is not ready
[  457.117699] br-d1f3b0928ba8: port 4(vethaa5b177) entered forwarding state
[  457.117706] br-d1f3b0928ba8: port 4(vethaa5b177) entered forwarding state
[  457.272355] eth0: renamed from veth4befbaf
[  457.288352] IPv6: ADDRCONF(NETDEV_CHANGE): vethaa5b177: link becomes ready
[  472.160083] br-d1f3b0928ba8: port 4(vethaa5b177) entered forwarding state
[  548.907262] br-d1f3b0928ba8: port 4(vethaa5b177) entered disabled state
[  548.907303] veth4befbaf: renamed from eth0
[  548.963956] br-d1f3b0928ba8: port 4(vethaa5b177) entered disabled state
[  548.964820] device vethaa5b177 left promiscuous mode
[  548.964823] br-d1f3b0928ba8: port 4(vethaa5b177) entered disabled state
[  558.786952] aufs au_opts_verify:1597:dockerd[2474]: dirperm1 breaks the protection by the permission bits on the lower branch
[  558.787575] device veth007307e entered promiscuous mode
[  558.787618] IPv6: ADDRCONF(NETDEV_UP): veth007307e: link is not ready
[  558.787621] br-d1f3b0928ba8: port 4(veth007307e) entered forwarding state
[  558.787627] br-d1f3b0928ba8: port 4(veth007307e) entered forwarding state
[  558.787834] br-d1f3b0928ba8: port 4(veth007307e) entered disabled state
[  558.944413] eth0: renamed from vethd0c07ef
[  558.964345] IPv6: ADDRCONF(NETDEV_CHANGE): veth007307e: link becomes ready
[  558.964366] br-d1f3b0928ba8: port 4(veth007307e) entered forwarding state
[  558.964375] br-d1f3b0928ba8: port 4(veth007307e) entered forwarding state
[  573.984066] br-d1f3b0928ba8: port 4(veth007307e) entered forwarding state
[  655.868129] unregister_netdevice: waiting for lo to become free. Usage count = 1
[  666.108054] unregister_netdevice: waiting for lo to become free. Usage count = 1
[21964.486645] aufs au_opts_verify:1597:dockerd[1072]: dirperm1 breaks the protection by the permission bits on the lower branch
[21964.531145] aufs au_opts_verify:1597:dockerd[1072]: dirperm1 breaks the protection by the permission bits on the lower branch
[21964.663482] aufs au_opts_verify:1597:dockerd[4301]: dirperm1 breaks the protection by the permission bits on the lower branch
[21964.665182] device vethaa86f3f entered promiscuous mode
[21964.665225] IPv6: ADDRCONF(NETDEV_UP): vethaa86f3f: link is not ready
[21964.796888] eth0: renamed from veth09c2f1d
[21964.808451] IPv6: ADDRCONF(NETDEV_CHANGE): vethaa86f3f: link becomes ready
[21964.808475] br-d1f3b0928ba8: port 8(vethaa86f3f) entered forwarding state
[21964.808485] br-d1f3b0928ba8: port 8(vethaa86f3f) entered forwarding state
[21965.034109] veth21b851d: renamed from eth0
[21965.048247] br-d1f3b0928ba8: port 2(veth0d98b5a) entered disabled state
[21965.071369] br-d1f3b0928ba8: port 2(veth0d98b5a) entered disabled state
[21965.072473] device veth0d98b5a left promiscuous mode
[21965.072476] br-d1f3b0928ba8: port 2(veth0d98b5a) entered disabled state
[21965.412709] aufs au_opts_verify:1597:dockerd[1598]: dirperm1 breaks the protection by the permission bits on the lower branch
[21965.435696] aufs au_opts_verify:1597:dockerd[1598]: dirperm1 breaks the protection by the permission bits on the lower branch
[21965.579881] aufs au_opts_verify:1597:dockerd[1137]: dirperm1 breaks the protection by the permission bits on the lower branch
[21965.580713] device vethbc602b9 entered promiscuous mode
[21965.580760] IPv6: ADDRCONF(NETDEV_UP): vethbc602b9: link is not ready
[21965.580764] br-d1f3b0928ba8: port 2(vethbc602b9) entered forwarding state
[21965.580771] br-d1f3b0928ba8: port 2(vethbc602b9) entered forwarding state
[21965.668102] br-d1f3b0928ba8: port 2(vethbc602b9) entered disabled state
[21965.708392] eth0: renamed from veth922d8e0
[21965.716346] IPv6: ADDRCONF(NETDEV_CHANGE): vethbc602b9: link becomes ready
[21965.716368] br-d1f3b0928ba8: port 2(vethbc602b9) entered forwarding state
[21965.716378] br-d1f3b0928ba8: port 2(vethbc602b9) entered forwarding state
[21979.840072] br-d1f3b0928ba8: port 8(vethaa86f3f) entered forwarding state
[21980.768079] br-d1f3b0928ba8: port 2(vethbc602b9) entered forwarding state
[24267.465627] br-d1f3b0928ba8: port 8(vethaa86f3f) entered disabled state
[24267.465672] veth09c2f1d: renamed from eth0
[24267.495484] br-d1f3b0928ba8: port 8(vethaa86f3f) entered disabled state
[24267.496513] device vethaa86f3f left promiscuous mode
[24267.496516] br-d1f3b0928ba8: port 8(vethaa86f3f) entered disabled state
[24285.978027] br-d1f3b0928ba8: port 2(vethbc602b9) entered disabled state
[24285.978079] veth922d8e0: renamed from eth0
[24286.004431] br-d1f3b0928ba8: port 2(vethbc602b9) entered disabled state
[24286.005184] device vethbc602b9 left promiscuous mode
[24286.005186] br-d1f3b0928ba8: port 2(vethbc602b9) entered disabled state
[24286.253502] aufs au_opts_verify:1597:dockerd[1138]: dirperm1 breaks the protection by the permission bits on the lower branch
[24286.286913] aufs au_opts_verify:1597:dockerd[1138]: dirperm1 breaks the protection by the permission bits on the lower branch
[24286.418128] aufs au_opts_verify:1597:dockerd[2474]: dirperm1 breaks the protection by the permission bits on the lower branch
[24286.418838] device vetha30dc25 entered promiscuous mode
[24286.418884] IPv6: ADDRCONF(NETDEV_UP): vetha30dc25: link is not ready
[24286.418888] br-d1f3b0928ba8: port 2(vetha30dc25) entered forwarding state
[24286.418894] br-d1f3b0928ba8: port 2(vetha30dc25) entered forwarding state
[24286.552379] eth0: renamed from vethdfeb6d3
[24286.568326] IPv6: ADDRCONF(NETDEV_CHANGE): vetha30dc25: link becomes ready
[24301.472070] br-d1f3b0928ba8: port 2(vetha30dc25) entered forwarding state
[24489.224082] unregister_netdevice: waiting for lo to become free. Usage count = 1
[24499.468121] unregister_netdevice: waiting for lo to become free. Usage count = 1
[24509.712130] unregister_netdevice: waiting for lo to become free. Usage count = 1